pi@openct2:~/github/openct2/software/test $ python test.py -z 0 -dst 171 -dss 1 -it 60
Args: {'digipotstart': '171', 'zlocation': '0', 'inttime': '60', 'digipotdelta': None, 'intchunk': None, 'digipotsteps': '1'}
Started...
['OpenCT2 Imaging Array Controller\r\n', 'Commands: \r\n', 'Set all digipots: A <1-255>\r\n', 'Set digipot on one channel: D <1-16> <1-255>\r\n', 'Integrate/measure: I <seconds>\r\n', 'Enabling interrupts... \r\n', 'Initialization Complete... \r\n']
z	digipot	inttime	det0	det1	det2	det3	det4	det5	det6	det7	det8	det9	det10	det11	det12	det13	det14	det15	
0	171	5	0	0	0	0	0	0	0	0	0	0	0	1	0	0	0	0
0	171	5	0	0	0	0	0	0	0	0	0	0	0	0	0	0	0	0
0	171	5	0	0	0	0	0	0	0	0	0	1	0	2	0	0	0	0
0	171	5	0	0	0	0	0	0	0	1	0	0	0	0	0	0	0	0
0	171	5	0	0	0	0	0	0	0	0	0	0	0	0	0	0	0	0
0	171	5	0	0	0	0	0	0	0	0	0	0	0	1	0	0	0	0
0	171	5	0	0	0	0	0	0	0	1	0	0	1	0	0	0	0	0
0	171	5	0	0	0	0	0	0	0	0	0	0	0	0	0	0	0	0
0	171	5	0	0	0	0	0	0	0	0	0	0	0	0	0	0	0	0
0	171	5	0	0	0	0	0	0	0	0	0	0	0	0	0	0	0	0
0	171	5	0	0	0	0	0	0	0	0	0	0	0	0	0	0	0	0
0	171	5	0	0	0	0	0	0	0	0	1	0	0	0	0	0	0	0
pi@openct2:~/github/openct2/software/test $ python test.py -z 0 -dst 171 -dss 1 -it 60
Args: {'digipotstart': '171', 'zlocation': '0', 'inttime': '60', 'digipotdelta': None, 'intchunk': None, 'digipotsteps': '1'}
Started...
['OpenCT2 Imaging Array Controller\r\n', 'Commands: \r\n', 'Set all digipots: A <1-255>\r\n', 'Set digipot on one channel: D <1-16> <1-255>\r\n', 'Integrate/measure: I <seconds>\r\n', 'Enabling interrupts... \r\n', 'Initialization Complete... \r\n']
z	digipot	inttime	det0	det1	det2	det3	det4	det5	det6	det7	det8	det9	det10	det11	det12	det13	det14	det15	
0	171	5	0	0	0	0	0	0	0	0	0	0	0	0	0	0	0	0
0	171	5	0	0	0	0	0	0	0	0	0	0	0	0	0	0	0	0
0	171	5	0	0	0	0	0	0	0	0	0	0	0	0	0	0	0	0
0	171	5	0	0	0	0	0	0	0	0	0	0	0	0	0	0	0	0
0	171	5	0	0	0	0	0	0	0	0	0	0	0	0	0	0	0	0
0	171	5	0	0	0	0	0	0	0	0	0	0	0	0	0	0	0	0
0	171	5	0	0	0	0	0	0	0	0	0	0	0	0	0	0	0	0
0	171	5	0	0	0	0	0	0	0	0	0	0	0	1	0	0	0	0
0	171	5	0	0	0	0	0	0	0	0	0	0	0	1	0	0	0	0
0	171	5	0	0	0	0	0	0	0	0	0	0	0	0	0	0	0	0
0	171	5	0	0	0	0	0	0	0	0	0	0	0	0	0	0	0	0
0	171	5	0	0	0	0	0	0	0	0	0	0	0	0	0	0	0	0
pi@openct2:~/github/openct2/software/test $ python test.py -z 0 -dst 171 -dss 1 -it 30
Args: {'digipotstart': '171', 'zlocation': '0', 'inttime': '30', 'digipotdelta': None, 'intchunk': None, 'digipotsteps': '1'}
Started...
['OpenCT2 Imaging Array Controller\r\n', 'Commands: \r\n', 'Set all digipots: A <1-255>\r\n', 'Set digipot on one channel: D <1-16> <1-255>\r\n', 'Integrate/measure: I <seconds>\r\n', 'Enabling interrupts... \r\n', 'Initialization Complete... \r\n']
z	digipot	inttime	det0	det1	det2	det3	det4	det5	det6	det7	det8	det9	det10	det11	det12	det13	det14	det15	
0	171	5	0	0	0	0	0	0	0	0	0	0	0	0	0	0	0	0
0	171	5	0	0	0	0	0	0	0	0	0	0	0	0	0	0	0	0
0	171	5	0	0	0	0	0	0	0	0	0	0	0	0	0	0	0	0
0	171	5	0	0	0	0	0	0	0	0	0	0	0	0	0	0	0	0
0	171	5	0	0	0	0	0	0	0	0	0	0	0	0	0	0	0	0
0	171	5	0	0	0	0	0	0	0	1	0	0	2	0	0	0	0	0
pi@openct2:~/github/openct2/software/test $ python test.py -z 0 -dst 171 -dss 1 -it 30
Args: {'digipotstart': '171', 'zlocation': '0', 'inttime': '30', 'digipotdelta': None, 'intchunk': None, 'digipotsteps': '1'}
Started...
Note: Added source
[' ', 'OpenCT2 Imaging Array Controller\r\n', 'Commands: \r\n', 'Set all digipots: A <1-255>\r\n', 'Set digipot on one channel: D <1-16> <1-255>\r\n', 'Integrate/measure: I <seconds>\r\n', 'Enabling interrupts... \r\n', 'Initialization Complete... \r\n']
z	digipot	inttime	det0	det1	det2	det3	det4	det5	det6	det7	det8	det9	det10	det11	det12	det13	det14	det15	
0	171	5	0	0	0	0	0	0	0	16	17	15	17	16	0	0	0	0
0	171	5	0	0	0	0	0	0	0	21	14	22	11	18	0	0	0	0
^CTraceback (most recent call last):
  File "test.py", line 187, in <module>
    main(sys.argv[1:])
  File "test.py", line 176, in main
    measurements = sampleDetectors(serImager, intChunk);	
  File "test.py", line 57, in sampleDetectors
    resp = waitForResponse(ser);
  File "test.py", line 33, in waitForResponse
    x = portname.readline();
  File "/usr/lib/python2.7/dist-packages/serial/serialposix.py", line 446, in read
    ready,_,_ = select.select([self.fd],[],[], self._timeout)
KeyboardInterrupt
pi@openct2:~/github/openct2/software/test $ python test.py -z 0 -dst 171 -dss 1 -it 30
Args: {'digipotstart': '171', 'zlocation': '0', 'inttime': '30', 'digipotdelta': None, 'intchunk': None, 'digipotsteps': '1'}
Started...
Note: Added source for first 3, then removed source
['OpenCT2 Imaging Array Controller\r\n', 'Commands: \r\n', 'Set all digipots: A <1-255>\r\n', 'Set digipot on one channel: D <1-16> <1-255>\r\n', 'Integrate/measure: I <seconds>\r\n', 'Enabling interrupts... \r\n', 'Initialization Complete... \r\n']
z	digipot	inttime	det0	det1	det2	det3	det4	det5	det6	det7	det8	det9	det10	det11	det12	det13	det14	det15	
0	171	5	0	0	0	0	0	0	0	5	4	1	5	6	0	0	0	0
0	171	5	0	0	0	0	0	0	0	8	12	3	10	8	0	0	0	0
0	171	5	0	0	0	0	0	0	0	1	2	0	1	1	0	0	0	0
0	171	5	0	0	0	0	0	0	0	0	0	0	0	0	0	0	0	0
0	171	5	0	0	0	0	0	0	0	0	0	0	0	0	0	0	0	0
0	171	5	0	0	0	0	0	0	0	0	0	0	0	0	0	0	0	0
pi@openct2:~/github/openct2/software/test $